rows 29
cols 39
players 2


m %%%%%%%%%%%%%%%%%%%%%%%%%%%%%%%%%%%%%%%
m %%%%%.............%b%.............%%%%%
m %%%%%.............%%%.............%%%%%
m %%%%%.............................%%%%%
m %%%%%.............................%%%%%
m %%%%%.............................%%%%%
m %%%%%.............................%%%%%
m %%%%%..............1..............%%%%%
m %%%%%.............................%%%%%
m %%%%%.............................%%%%%
m %%%%%.............................%%%%%
m %%%%%.............................%%%%%
m %%%%%............%...%............%%%%%
m %%%%%.............%%%.............%%%%%
m %%%%%.............................%%%%%
m %%%%%.............%%%.............%%%%%
m %%%%%............%...%............%%%%%
m %%%%%.............................%%%%%
m %%%%%.............................%%%%%
m %%%%%.............................%%%%%
m %%%%%.............................%%%%%
m %%%%%..............A..............%%%%%
m %%%%%.............................%%%%%
m %%%%%.............................%%%%%
m %%%%%.............................%%%%%
m %%%%%.............................%%%%%
m %%%%%.............................%%%%%
m %%%%%.............................%%%%%
m %%%%%%%%%%%%%%%%%%%%%%%%%%%%%%%%%%%%%%%
